[1.436s] DEBUG:colcon:Command line arguments: ['/usr/bin/colcon', 'build', '--symlink-install']
[1.436s] DEBUG:colcon:Parsed command line arguments: Namespace(log_base=None, log_level=None, verb_name='build', build_base='build', install_base='install', merge_install=False, symlink_install=True, test_result_base=None, continue_on_error=False, executor='parallel', parallel_workers=32, event_handlers=None, ignore_user_meta=False, metas=['./colcon.meta'], base_paths=['.'], packages_ignore=None, packages_ignore_regex=None, paths=None, packages_up_to=None, packages_up_to_regex=None, packages_above=None, packages_above_and_dependencies=None, packages_above_depth=None, packages_select_by_dep=None, packages_skip_by_dep=None, packages_skip_up_to=None, packages_select_build_failed=False, packages_skip_build_finished=False, packages_select_test_failures=False, packages_skip_test_passed=False, packages_select=None, packages_skip=None, packages_select_regex=None, packages_skip_regex=None, packages_start=None, packages_end=None, cmake_args=None, cmake_target=None, cmake_target_skip_unavailable=False, cmake_clean_cache=False, cmake_clean_first=False, cmake_force_configure=False, ament_cmake_args=None, catkin_cmake_args=None, catkin_skip_building_tests=False, verb_parser=<colcon_defaults.argument_parser.defaults.DefaultArgumentsDecorator object at 0x7fea51220710>, verb_extension=<colcon_core.verb.build.BuildVerb object at 0x7fea513447d0>, main=<bound method BuildVerb.main of <colcon_core.verb.build.BuildVerb object at 0x7fea513447d0>>)
[1.512s] Level 1:colcon.colcon_core.package_discovery:discover_packages(colcon_meta) check parameters
[1.512s] Level 1:colcon.colcon_core.package_discovery:discover_packages(recursive) check parameters
[1.512s] Level 1:colcon.colcon_core.package_discovery:discover_packages(ignore) check parameters
[1.512s] Level 1:colcon.colcon_core.package_discovery:discover_packages(path) check parameters
[1.513s] Level 1:colcon.colcon_core.package_discovery:discover_packages(colcon_meta) discover
[1.513s] Level 1:colcon.colcon_core.package_discovery:discover_packages(recursive) discover
[1.513s] INFO:colcon.colcon_core.package_discovery:Crawling recursively for packages in '/home/nuaawzh/dev_ws'
[1.513s] Level 1:colcon.colcon_core.package_identification:_identify(.) by extensions ['ignore', 'ignore_ament_install']
[1.513s] Level 1:colcon.colcon_core.package_identification:_identify(.) by extension 'ignore'
[1.513s] Level 1:colcon.colcon_core.package_identification:_identify(.) by extension 'ignore_ament_install'
[1.513s] Level 1:colcon.colcon_core.package_identification:_identify(.) by extensions ['colcon_pkg']
[1.513s] Level 1:colcon.colcon_core.package_identification:_identify(.) by extension 'colcon_pkg'
[1.513s] Level 1:colcon.colcon_core.package_identification:_identify(.) by extensions ['colcon_meta']
[1.513s] Level 1:colcon.colcon_core.package_identification:_identify(.) by extension 'colcon_meta'
[1.513s] Level 1:colcon.colcon_core.package_identification:_identify(.) by extensions ['ros']
[1.513s] Level 1:colcon.colcon_core.package_identification:_identify(.) by extension 'ros'
[1.547s] Level 1:colcon.colcon_core.package_identification:_identify(.) by extensions ['cmake', 'python']
[1.547s] Level 1:colcon.colcon_core.package_identification:_identify(.) by extension 'cmake'
[1.547s] Level 1:colcon.colcon_core.package_identification:_identify(.) by extension 'python'
[1.547s] Level 1:colcon.colcon_core.package_identification:_identify(.) by extensions ['python_setup_py']
[1.547s] Level 1:colcon.colcon_core.package_identification:_identify(.) by extension 'python_setup_py'
[1.547s] Level 1:colcon.colcon_core.package_identification:_identify(build) by extensions ['ignore', 'ignore_ament_install']
[1.547s] Level 1:colcon.colcon_core.package_identification:_identify(build) by extension 'ignore'
[1.547s] Level 1:colcon.colcon_core.package_identification:_identify(build) ignored
[1.547s] Level 1:colcon.colcon_core.package_identification:_identify(install) by extensions ['ignore', 'ignore_ament_install']
[1.547s] Level 1:colcon.colcon_core.package_identification:_identify(install) by extension 'ignore'
[1.547s] Level 1:colcon.colcon_core.package_identification:_identify(install) ignored
[1.547s] Level 1:colcon.colcon_core.package_identification:_identify(log) by extensions ['ignore', 'ignore_ament_install']
[1.547s] Level 1:colcon.colcon_core.package_identification:_identify(log) by extension 'ignore'
[1.548s] Level 1:colcon.colcon_core.package_identification:_identify(log) ignored
[1.548s] Level 1:colcon.colcon_core.package_identification:_identify(src) by extensions ['ignore', 'ignore_ament_install']
[1.548s] Level 1:colcon.colcon_core.package_identification:_identify(src) by extension 'ignore'
[1.548s] Level 1:colcon.colcon_core.package_identification:_identify(src) by extension 'ignore_ament_install'
[1.548s] Level 1:colcon.colcon_core.package_identification:_identify(src) by extensions ['colcon_pkg']
[1.548s] Level 1:colcon.colcon_core.package_identification:_identify(src) by extension 'colcon_pkg'
[1.548s] Level 1:colcon.colcon_core.package_identification:_identify(src) by extensions ['colcon_meta']
[1.548s] Level 1:colcon.colcon_core.package_identification:_identify(src) by extension 'colcon_meta'
[1.548s] Level 1:colcon.colcon_core.package_identification:_identify(src) by extensions ['ros']
[1.548s] Level 1:colcon.colcon_core.package_identification:_identify(src) by extension 'ros'
[1.548s] Level 1:colcon.colcon_core.package_identification:_identify(src) by extensions ['cmake', 'python']
[1.548s] Level 1:colcon.colcon_core.package_identification:_identify(src) by extension 'cmake'
[1.548s] Level 1:colcon.colcon_core.package_identification:_identify(src) by extension 'python'
[1.548s] Level 1:colcon.colcon_core.package_identification:_identify(src) by extensions ['python_setup_py']
[1.548s] Level 1:colcon.colcon_core.package_identification:_identify(src) by extension 'python_setup_py'
[1.548s] Level 1:colcon.colcon_core.package_identification:_identify(src/balance_bot) by extensions ['ignore', 'ignore_ament_install']
[1.548s] Level 1:colcon.colcon_core.package_identification:_identify(src/balance_bot) by extension 'ignore'
[1.548s] Level 1:colcon.colcon_core.package_identification:_identify(src/balance_bot) by extension 'ignore_ament_install'
[1.548s] Level 1:colcon.colcon_core.package_identification:_identify(src/balance_bot) by extensions ['colcon_pkg']
[1.548s] Level 1:colcon.colcon_core.package_identification:_identify(src/balance_bot) by extension 'colcon_pkg'
[1.549s] Level 1:colcon.colcon_core.package_identification:_identify(src/balance_bot) by extensions ['colcon_meta']
[1.549s] Level 1:colcon.colcon_core.package_identification:_identify(src/balance_bot) by extension 'colcon_meta'
[1.549s] Level 1:colcon.colcon_core.package_identification:_identify(src/balance_bot) by extensions ['ros']
[1.549s] Level 1:colcon.colcon_core.package_identification:_identify(src/balance_bot) by extension 'ros'
[1.553s] DEBUG:colcon.colcon_core.package_identification:Package 'src/balance_bot' with type 'ros.ament_cmake' and name 'balance_bot'
[1.553s] Level 1:colcon.colcon_core.package_discovery:discover_packages(recursive) using defaults
[1.553s] Level 1:colcon.colcon_core.package_discovery:discover_packages(ignore) discover
[1.553s] Level 1:colcon.colcon_core.package_discovery:discover_packages(ignore) using defaults
[1.553s] Level 1:colcon.colcon_core.package_discovery:discover_packages(path) discover
[1.553s] Level 1:colcon.colcon_core.package_discovery:discover_packages(path) using defaults
[1.581s] Level 5:colcon.colcon_core.verb:set package 'balance_bot' build argument 'cmake_args' from command line to 'None'
[1.581s] Level 5:colcon.colcon_core.verb:set package 'balance_bot' build argument 'cmake_target' from command line to 'None'
[1.581s] Level 5:colcon.colcon_core.verb:set package 'balance_bot' build argument 'cmake_target_skip_unavailable' from command line to 'False'
[1.581s] Level 5:colcon.colcon_core.verb:set package 'balance_bot' build argument 'cmake_clean_cache' from command line to 'False'
[1.581s] Level 5:colcon.colcon_core.verb:set package 'balance_bot' build argument 'cmake_clean_first' from command line to 'False'
[1.581s] Level 5:colcon.colcon_core.verb:set package 'balance_bot' build argument 'cmake_force_configure' from command line to 'False'
[1.581s] Level 5:colcon.colcon_core.verb:set package 'balance_bot' build argument 'ament_cmake_args' from command line to 'None'
[1.581s] Level 5:colcon.colcon_core.verb:set package 'balance_bot' build argument 'catkin_cmake_args' from command line to 'None'
[1.581s] Level 5:colcon.colcon_core.verb:set package 'balance_bot' build argument 'catkin_skip_building_tests' from command line to 'False'
[1.581s] DEBUG:colcon.colcon_core.verb:Building package 'balance_bot' with the following arguments: {'ament_cmake_args': None, 'build_base': '/home/nuaawzh/dev_ws/build/balance_bot', 'catkin_cmake_args': None, 'catkin_skip_building_tests': False, 'cmake_args': None, 'cmake_clean_cache': False, 'cmake_clean_first': False, 'cmake_force_configure': False, 'cmake_target': None, 'cmake_target_skip_unavailable': False, 'install_base': '/home/nuaawzh/dev_ws/install/balance_bot', 'merge_install': False, 'path': '/home/nuaawzh/dev_ws/src/balance_bot', 'symlink_install': True, 'test_result_base': None}
[1.581s] INFO:colcon.colcon_core.executor:Executing jobs using 'parallel' executor
[1.582s] DEBUG:colcon.colcon_parallel_executor.executor.parallel:run_until_complete
[1.582s] INFO:colcon.colcon_ros.task.ament_cmake.build:Building ROS package in '/home/nuaawzh/dev_ws/src/balance_bot' with build type 'ament_cmake'
[1.583s] INFO:colcon.colcon_cmake.task.cmake.build:Building CMake package in '/home/nuaawzh/dev_ws/src/balance_bot'
[1.587s] INFO:colcon.colcon_core.plugin_system:Skipping extension 'colcon_core.shell.bat': Not used on non-Windows systems
[1.587s] DEBUG:colcon.colcon_core.shell:Skip shell extension 'dsv' for command environment
[1.600s] DEBUG:colcon.colcon_core.event_handler.log_command:Invoking command in '/home/nuaawzh/dev_ws/build/balance_bot': CMAKE_PREFIX_PATH=${CMAKE_PREFIX_PATH}:/opt/ros/jazzy DEBUGINFOD_URLS=https://debuginfod.ubuntu.com /usr/bin/cmake /home/nuaawzh/dev_ws/src/balance_bot -DAMENT_CMAKE_SYMLINK_INSTALL=1 -DCMAKE_INSTALL_PREFIX=/home/nuaawzh/dev_ws/install/balance_bot
[2.515s] DEBUG:colcon.colcon_core.event_handler.log_command:Invoked command in '/home/nuaawzh/dev_ws/build/balance_bot' returned '0': CMAKE_PREFIX_PATH=${CMAKE_PREFIX_PATH}:/opt/ros/jazzy DEBUGINFOD_URLS=https://debuginfod.ubuntu.com /usr/bin/cmake /home/nuaawzh/dev_ws/src/balance_bot -DAMENT_CMAKE_SYMLINK_INSTALL=1 -DCMAKE_INSTALL_PREFIX=/home/nuaawzh/dev_ws/install/balance_bot
[2.516s] DEBUG:colcon.colcon_core.event_handler.log_command:Invoking command in '/home/nuaawzh/dev_ws/build/balance_bot': CMAKE_PREFIX_PATH=${CMAKE_PREFIX_PATH}:/opt/ros/jazzy DEBUGINFOD_URLS=https://debuginfod.ubuntu.com /usr/bin/cmake --build /home/nuaawzh/dev_ws/build/balance_bot -- -j32 -l32
[2.548s] DEBUG:colcon.colcon_core.event_handler.log_command:Invoked command in '/home/nuaawzh/dev_ws/build/balance_bot' returned '0': CMAKE_PREFIX_PATH=${CMAKE_PREFIX_PATH}:/opt/ros/jazzy DEBUGINFOD_URLS=https://debuginfod.ubuntu.com /usr/bin/cmake --build /home/nuaawzh/dev_ws/build/balance_bot -- -j32 -l32
[2.555s] DEBUG:colcon.colcon_core.event_handler.log_command:Invoking command in '/home/nuaawzh/dev_ws/build/balance_bot': CMAKE_PREFIX_PATH=${CMAKE_PREFIX_PATH}:/opt/ros/jazzy DEBUGINFOD_URLS=https://debuginfod.ubuntu.com /usr/bin/cmake --install /home/nuaawzh/dev_ws/build/balance_bot
[2.687s] Level 1:colcon.colcon_core.environment:create_environment_scripts_only(balance_bot)
[2.687s] DEBUG:colcon.colcon_core.event_handler.log_command:Invoked command in '/home/nuaawzh/dev_ws/build/balance_bot' returned '0': CMAKE_PREFIX_PATH=${CMAKE_PREFIX_PATH}:/opt/ros/jazzy DEBUGINFOD_URLS=https://debuginfod.ubuntu.com /usr/bin/cmake --install /home/nuaawzh/dev_ws/build/balance_bot
[2.712s] Level 1:colcon.colcon_core.environment:checking '/home/nuaawzh/dev_ws/install/balance_bot' for CMake module files
[2.712s] Level 1:colcon.colcon_core.environment:checking '/home/nuaawzh/dev_ws/install/balance_bot' for CMake config files
[2.712s] Level 1:colcon.colcon_core.shell:create_environment_hook('balance_bot', 'cmake_prefix_path')
[2.712s] INFO:colcon.colcon_core.shell:Creating environment descriptor '/home/nuaawzh/dev_ws/install/balance_bot/share/balance_bot/hook/cmake_prefix_path.dsv'
[2.715s] INFO:colcon.colcon_core.shell:Creating environment hook '/home/nuaawzh/dev_ws/install/balance_bot/share/balance_bot/hook/cmake_prefix_path.sh'
[2.717s] Level 1:colcon.colcon_core.environment:checking '/home/nuaawzh/dev_ws/install/balance_bot/lib'
[2.717s] Level 1:colcon.colcon_core.environment:checking '/home/nuaawzh/dev_ws/install/balance_bot/bin'
[2.717s] Level 1:colcon.colcon_core.environment:checking '/home/nuaawzh/dev_ws/install/balance_bot/lib/pkgconfig/balance_bot.pc'
[2.718s] Level 1:colcon.colcon_core.environment:checking '/home/nuaawzh/dev_ws/install/balance_bot/lib/python3.12/site-packages'
[2.718s] Level 1:colcon.colcon_core.environment:checking '/home/nuaawzh/dev_ws/install/balance_bot/bin'
[2.719s] INFO:colcon.colcon_core.shell:Creating package descriptor '/home/nuaawzh/dev_ws/install/balance_bot/share/balance_bot/package.dsv'
[2.720s] INFO:colcon.colcon_core.shell:Creating package script '/home/nuaawzh/dev_ws/install/balance_bot/share/balance_bot/package.sh'
[2.722s] INFO:colcon.colcon_core.shell:Creating package script '/home/nuaawzh/dev_ws/install/balance_bot/share/balance_bot/package.bash'
[2.725s] INFO:colcon.colcon_core.shell:Creating package script '/home/nuaawzh/dev_ws/install/balance_bot/share/balance_bot/package.zsh'
[2.727s] Level 1:colcon.colcon_core.environment:create_file_with_runtime_dependencies(/home/nuaawzh/dev_ws/install/balance_bot/share/colcon-core/packages/balance_bot)
[2.728s] Level 1:colcon.colcon_core.environment:create_environment_scripts_only(balance_bot)
[2.728s] Level 1:colcon.colcon_core.environment:checking '/home/nuaawzh/dev_ws/install/balance_bot' for CMake module files
[2.728s] Level 1:colcon.colcon_core.environment:checking '/home/nuaawzh/dev_ws/install/balance_bot' for CMake config files
[2.728s] Level 1:colcon.colcon_core.shell:create_environment_hook('balance_bot', 'cmake_prefix_path')
[2.729s] INFO:colcon.colcon_core.shell:Creating environment descriptor '/home/nuaawzh/dev_ws/install/balance_bot/share/balance_bot/hook/cmake_prefix_path.dsv'
[2.729s] INFO:colcon.colcon_core.shell:Creating environment hook '/home/nuaawzh/dev_ws/install/balance_bot/share/balance_bot/hook/cmake_prefix_path.sh'
[2.729s] Level 1:colcon.colcon_core.environment:checking '/home/nuaawzh/dev_ws/install/balance_bot/lib'
[2.729s] Level 1:colcon.colcon_core.environment:checking '/home/nuaawzh/dev_ws/install/balance_bot/bin'
[2.729s] Level 1:colcon.colcon_core.environment:checking '/home/nuaawzh/dev_ws/install/balance_bot/lib/pkgconfig/balance_bot.pc'
[2.729s] Level 1:colcon.colcon_core.environment:checking '/home/nuaawzh/dev_ws/install/balance_bot/lib/python3.12/site-packages'
[2.729s] Level 1:colcon.colcon_core.environment:checking '/home/nuaawzh/dev_ws/install/balance_bot/bin'
[2.729s] INFO:colcon.colcon_core.shell:Creating package descriptor '/home/nuaawzh/dev_ws/install/balance_bot/share/balance_bot/package.dsv'
[2.730s] INFO:colcon.colcon_core.shell:Creating package script '/home/nuaawzh/dev_ws/install/balance_bot/share/balance_bot/package.sh'
[2.730s] INFO:colcon.colcon_core.shell:Creating package script '/home/nuaawzh/dev_ws/install/balance_bot/share/balance_bot/package.bash'
[2.730s] INFO:colcon.colcon_core.shell:Creating package script '/home/nuaawzh/dev_ws/install/balance_bot/share/balance_bot/package.zsh'
[2.730s] Level 1:colcon.colcon_core.environment:create_file_with_runtime_dependencies(/home/nuaawzh/dev_ws/install/balance_bot/share/colcon-core/packages/balance_bot)
[2.730s] DEBUG:colcon.colcon_parallel_executor.executor.parallel:closing loop
[2.731s] DEBUG:colcon.colcon_parallel_executor.executor.parallel:loop closed
[2.731s] DEBUG:colcon.colcon_parallel_executor.executor.parallel:run_until_complete finished with '0'
[2.731s] DEBUG:colcon.colcon_core.event_reactor:joining thread
[2.738s] INFO:colcon.colcon_core.plugin_system:Skipping extension 'colcon_notification.desktop_notification.terminal_notifier': Not used on non-Darwin systems
[2.738s] INFO:colcon.colcon_core.plugin_system:Skipping extension 'colcon_notification.desktop_notification.win32': Not used on non-Windows systems
[2.738s] INFO:colcon.colcon_notification.desktop_notification:Sending desktop notification using 'notify2'
[2.748s] DEBUG:colcon.colcon_core.event_reactor:joined thread
[2.748s] INFO:colcon.colcon_core.shell:Creating prefix script '/home/nuaawzh/dev_ws/install/local_setup.sh'
[2.749s] INFO:colcon.colcon_core.shell:Creating prefix util module '/home/nuaawzh/dev_ws/install/_local_setup_util_sh.py'
[2.750s] INFO:colcon.colcon_core.shell:Creating prefix chain script '/home/nuaawzh/dev_ws/install/setup.sh'
[2.750s] INFO:colcon.colcon_core.shell:Creating prefix script '/home/nuaawzh/dev_ws/install/local_setup.bash'
[2.751s] INFO:colcon.colcon_core.shell:Creating prefix chain script '/home/nuaawzh/dev_ws/install/setup.bash'
[2.751s] INFO:colcon.colcon_core.shell:Creating prefix script '/home/nuaawzh/dev_ws/install/local_setup.zsh'
[2.752s] INFO:colcon.colcon_core.shell:Creating prefix chain script '/home/nuaawzh/dev_ws/install/setup.zsh'
