-- Found ament_cmake: 2.5.4 (/opt/ros/jazzy/share/ament_cmake/cmake)
-- Override CMake install command with custom implementation using symlinks instead of copying resources
-- Found rclcpp: 28.1.13 (/opt/ros/jazzy/share/rclcpp/cmake)
-- Found rosidl_generator_c: 4.6.6 (/opt/ros/jazzy/share/rosidl_generator_c/cmake)
-- Found rosidl_generator_cpp: 4.6.6 (/opt/ros/jazzy/share/rosidl_generator_cpp/cmake)
-- Using all available rosidl_typesupport_c: rosidl_typesupport_fastrtps_c;rosidl_typesupport_introspection_c
-- Using all available rosidl_typesupport_cpp: rosidl_typesupport_fastrtps_cpp;rosidl_typesupport_introspection_cpp
-- Found rmw_implementation_cmake: 7.3.2 (/opt/ros/jazzy/share/rmw_implementation_cmake/cmake)
-- Found rmw_fastrtps_cpp: 8.4.3 (/opt/ros/jazzy/share/rmw_fastrtps_cpp/cmake)
-- Using RMW implementation 'rmw_fastrtps_cpp' as default
-- Found geometry_msgs: 5.3.6 (/opt/ros/jazzy/share/geometry_msgs/cmake)
-- Found sensor_msgs: 5.3.6 (/opt/ros/jazzy/share/sensor_msgs/cmake)
-- Found tf2_ros: 0.36.16 (/opt/ros/jazzy/share/tf2_ros/cmake)
-- Found urdf: 2.10.0 (/opt/ros/jazzy/share/urdf/cmake)
-- Found xacro: 2.1.1 (/opt/ros/jazzy/share/xacro/cmake)
-- Found ros_gz: 1.0.16 (/opt/ros/jazzy/share/ros_gz/cmake)
-- Found ros_gz_sim: 1.0.16 (/opt/ros/jazzy/share/ros_gz_sim/cmake)
-- Found ament_lint_auto: 0.17.3 (/opt/ros/jazzy/share/ament_lint_auto/cmake)
-- Added test 'cppcheck' to perform static code analysis on C / C++ code
-- Configured cppcheck include dirs: 
-- Configured cppcheck exclude dirs and/or files: 
-- Added test 'flake8' to check Python code syntax and style conventions
-- Configured 'flake8' exclude dirs and/or files: 
-- Added test 'lint_cmake' to check CMake code style
-- Added test 'pep257' to check Python code against some of the docstring style conventions in PEP 257
-- Added test 'uncrustify' to check C / C++ code style
-- Configured uncrustify additional arguments: 
-- Added test 'xmllint' to check XML markup files
-- Configuring done (0.8s)
-- Generating done (0.0s)
-- Build files have been written to: /home/nuaawzh/dev_ws/build/balance_bot
-- Install configuration: ""
-- Execute custom install script
-- Symlinking: /home/nuaawzh/dev_ws/install/balance_bot/lib/balance_bot/initial_pose_controller.py
-- Symlinking: /home/nuaawzh/dev_ws/install/balance_bot/share/balance_bot/launch/control.launch.py
-- Symlinking: /home/nuaawzh/dev_ws/install/balance_bot/share/balance_bot/urdf/bot_with_sensors.xacro
-- Symlinking: /home/nuaawzh/dev_ws/install/balance_bot/share/balance_bot/urdf/leg_initial_pose_module.xacro
-- Symlinking: /home/nuaawzh/dev_ws/install/balance_bot/share/balance_bot/urdf/wheel_leg_initial_pose.xacro
-- Symlinking: /home/nuaawzh/dev_ws/install/balance_bot/share/ament_index/resource_index/package_run_dependencies/balance_bot
-- Symlinking: /home/nuaawzh/dev_ws/install/balance_bot/share/ament_index/resource_index/parent_prefix_path/balance_bot
-- Symlinking: /home/nuaawzh/dev_ws/install/balance_bot/share/balance_bot/environment/ament_prefix_path.sh
-- Symlinking: /home/nuaawzh/dev_ws/install/balance_bot/share/balance_bot/environment/ament_prefix_path.dsv
-- Symlinking: /home/nuaawzh/dev_ws/install/balance_bot/share/balance_bot/environment/path.sh
-- Symlinking: /home/nuaawzh/dev_ws/install/balance_bot/share/balance_bot/environment/path.dsv
-- Symlinking: /home/nuaawzh/dev_ws/install/balance_bot/share/balance_bot/local_setup.bash
-- Symlinking: /home/nuaawzh/dev_ws/install/balance_bot/share/balance_bot/local_setup.sh
-- Symlinking: /home/nuaawzh/dev_ws/install/balance_bot/share/balance_bot/local_setup.zsh
-- Symlinking: /home/nuaawzh/dev_ws/install/balance_bot/share/balance_bot/local_setup.dsv
-- Symlinking: /home/nuaawzh/dev_ws/install/balance_bot/share/balance_bot/package.dsv
-- Symlinking: /home/nuaawzh/dev_ws/install/balance_bot/share/ament_index/resource_index/packages/balance_bot
-- Symlinking: /home/nuaawzh/dev_ws/install/balance_bot/share/balance_bot/cmake/balance_botConfig.cmake
-- Symlinking: /home/nuaawzh/dev_ws/install/balance_bot/share/balance_bot/cmake/balance_botConfig-version.cmake
-- Symlinking: /home/nuaawzh/dev_ws/install/balance_bot/share/balance_bot/package.xml
